[bnbrewardplanet.com/index.html]
[backblue.gif]
[fade.gif]
[index.html]
[bnbrewardplanet.com/favicon.ico]
[bnbrewardplanet.com/js/jquery-1.9.1.min.js]
[bnbrewardplanet.com/css/5grid/init2516.js]
[bnbrewardplanet.com/js/jquery.dropotron-1.2.js]
[bnbrewardplanet.com/js/init.js]
[bnbrewardplanet.com/css/5grid/core.css]
[bnbrewardplanet.com/css/5grid/core-desktop.css]
[bnbrewardplanet.com/css/5grid/core-1200px.css]
[bnbrewardplanet.com/css/5grid/core-noscript.css]
[bnbrewardplanet.com/css/style.css]
[bnbrewardplanet.com/css/style-desktop.css]
[bnbrewardplanet.com/css/style-mobile.css]
[bnbrewardplanet.com/css/dash.css]
[kit.fontawesome.com/13f7723f0d.js]
[bnbrewardplanet.com/whitepaper.html]
[bnbrewardplanet.com/images/bnbcoin.png]
[bnbrewardplanet.com/images/Night-Stars.png]
[cdn.ethers.io/lib/ethers-5.2.umd.min.js]
[bnbrewardplanet.com/web3.min.html]
[bnbrewardplanet.com/index-2.html]
[bnbrewardplanet.com/index.min.html]
[bnbrewardplanet.com/web3-provider.min.html]
[bnbrewardplanet.com/index.html]
[bnbrewardplanet.com/css/5grid/core.css]
[bnbrewardplanet.com/css/5grid/core-desktop.css]
[bnbrewardplanet.com/css/5grid/core-1200px.css]
[bnbrewardplanet.com/css/5grid/core-noscript.css]
[cdn.jsdelivr.net/npm/viem@1.2.9/dist/cjs/index.min.js]
[bnbrewardplanet.com/css/fonts/fontawesome-webfont3294.woff]
[bnbrewardplanet.com/css/fonts/fontawesome-webfont3294.ttf]
[bnbrewardplanet.com/css/fonts/fontawesome-webfont.svg]
[bnbrewardplanet.com/css/fonts/fontawesome-social-webfont.woff]
[bnbrewardplanet.com/css/fonts/fontawesome-social-webfont.ttf]
[bnbrewardplanet.com/css/fonts/fontawesome-social-webfont.svg]
[bnbrewardplanet.com/css/images/overlay.png]
[bnbrewardplanet.com/css/images/shadow.png]
[bnbrewardplanet.com/images/moon-surface-big-planet-background.jpg]
[bnbrewardplanet.com/images/planet-doodle.jpg]
[bnbrewardplanet.com/css/style.css]
[bnbrewardplanet.com/css/style-desktop.css]
[bnbrewardplanet.com/css/style-mobile.css]
[bnbrewardplanet.com/css/dash.css]
[bnbrewardplanet.com/css/images/mobileUI-site-nav-opener-bg.svg]
[bnbrewardplanet.com/images/project-roadmap.png]
[bnbrewardplanet.com/whitepaper.html]
[bnbrewardplanet.com/web3.min.html]
[bnbrewardplanet.com/index-2.html]
[bnbrewardplanet.com/index.min.html]
[bnbrewardplanet.com/web3-provider.min.html]
[bnbrewardplanet.com/css/fonts/fontawesome-webfont3294.html]
[bnbrewardplanet.com/css/fonts/fontawesome-webfontd41d.html]
[bnbrewardplanet.com/css/fonts/fontawesome-webfont.svg]
[bnbrewardplanet.com/css/fonts/fontawesome-social-webfont.html]
[bnbrewardplanet.com/css/fonts/fontawesome-social-webfontd41d.html]
[bnbrewardplanet.com/css/fonts/fontawesome-social-webfont.svg]
[bnbrewardplanet.com/css/images/mobileUI-site-nav-opener-bg.svg]
